[2026-10-01 11:49:22.477] [info]  [paths] Runtime=production, userData=C:\Users\<user>\AppData\Roaming\Egoist Shield
[2026-10-01 11:49:22.485] [info]  [boot] createMainWindow:start
[2026-10-01 11:49:22.485] [info]  [boot] paths preload=C:\Program Files\EgoistShield\resources\app.asar\.vite\build\preload.js, renderer=C:\Program Files\EgoistShield\resources\app.asar\.vite\renderer\main_window\index.html, icon=C:\Program Files\EgoistShield\resources\brand\icon.ico, minimized=false
[2026-10-01 11:49:22.486] [info]  [boot] ipc security guards installed
[2026-10-01 11:49:22.487] [info]  [boot] creating BrowserWindow
[2026-10-01 11:49:22.531] [info]  [boot] BrowserWindow created
[2026-10-01 11:49:22.537] [info]  [boot] creating StateStore and managers
[2026-10-01 11:49:24.410] [info]  [boot] system proxy reconciliation:start
[2026-10-01 11:49:24.413] [info]  [boot] system proxy reconciliation:complete
[2026-10-01 11:49:24.414] [info]  [boot] registering IPC handlers
[2026-10-01 11:49:24.415] [info]  [state-store] Initializing a new state profile.
[2026-10-01 11:49:24.436] [info]  [boot] IPC handlers registered
[2026-10-01 11:49:24.436] [info]  [boot] loading persisted state
[2026-10-01 11:49:24.437] [info]  [boot] persisted state loaded
[2026-10-01 11:49:24.492] [info]  [updater] Persisted auto-update = true
[2026-10-01 11:49:24.492] [info]  [window] Loading packaged renderer from C:\Program Files\EgoistShield\resources\app.asar\.vite\renderer\main_window\index.html
[2026-10-01 11:49:24.594] [info]  [window] Main window renderer finished load
[2026-10-01 11:49:24.595] [info]  [window] loadFile resolved successfully
[2026-10-01 11:49:24.596] [info]  [boot] createMainWindow:complete
[2026-10-01 11:49:24.596] [info]  [boot] background recovery:start
[2026-10-01 11:49:24.622] [info]  [updater] Signed stable channel configured, current=3.8.0
